This is a simple paragraph spanning two lines. It is immediately followed by two list items.

* First list item
* Second list item
