> This is a quote that spans multiple lines. When converted to Gemtext it should be on a single line.
