```
Text may also be pre-formatted by indenting each line with exactly
four spaces.

Intermediate blank lines make no difference.

   Likewise text that has additional indentation does not make a
   difference. As long as the very first line is indented by exactly
   four spaces.
```
