```
Text delimited by three backtick characters on a line of their own
is pre-formatted.

Pre-formatted text is copied to the output verbatim.
```
